---
source: crates/debugger/tests/events.rs
assertion_line: 59
expression: normalize_text_output(sink.output())
---
[+ <elapsed>] rule-compilation Rule compiled: py.no-exec
[+ <elapsed>] parsing Parsing started: bad.py
[+ <elapsed>] parsing Parsing completed: bad.py
[+ <elapsed>] rule-evaluation Evaluating rule 'py.no-exec' on bad.py
[+ <elapsed>] matching Rule 'py.no-exec' matched for bad.py
