---
source: crates/debugger/tests/ir_exports.rs
assertion_line: 56
expression: dfg.to_json().unwrap()
---
{
  "nodes": [
    {
      "id": 9903207435854589922,
      "name": "expr",
      "kind": "Param",
      "sanitized": false,
      "branch": null,
      "line": 0,
      "block_id": null
    }
  ],
  "edges": [],
  "calls": [],
  "call_returns": [],
  "merges": []
}
